MPLINK 5.08, LINKER
Linker Map File - Created Sat Feb 19 12:37:45 2022

                                 Section Info
                  Section       Type    Address   Location Size(Bytes)
                ---------  ---------  ---------  ---------  ---------
                   .org_0       code   0x000000    program   0x000002
                   .cinit    romdata   0x000001    program   0x000004
                   .org_1       code   0x000004    program   0x00007a



                              Program Memory Usage 
                               Start         End      
                           ---------   ---------      
                            0x000000    0x000002      
                            0x000004    0x000040      
            64 out of 8454 program addresses used, program memory utilization is 0%



                              Symbols - Sorted by Name
                     Name    Address   Location    Storage File                     
                ---------  ---------  ---------  --------- ---------                
                     AYAR   0x000020    program     static C:\Users\azuwin\Desktop\DESKTOP\Mikroiþlemciler Bütünleme Hazýrlýk\Proje_Dosyalari\UART\Çalýþmalar\4.X\asmFile.asm
                    BASLA   0x00003e    program     static C:\Users\azuwin\Desktop\DESKTOP\Mikroiþlemciler Bütünleme Hazýrlýk\Proje_Dosyalari\UART\Çalýþmalar\4.X\asmFile.asm
                       GG   0x000040    program     static C:\Users\azuwin\Desktop\DESKTOP\Mikroiþlemciler Bütünleme Hazýrlýk\Proje_Dosyalari\UART\Çalýþmalar\4.X\asmFile.asm
                   GONDER   0x000037    program     static C:\Users\azuwin\Desktop\DESKTOP\Mikroiþlemciler Bütünleme Hazýrlýk\Proje_Dosyalari\UART\Çalýþmalar\4.X\asmFile.asm
                    KESME   0x000005    program     static C:\Users\azuwin\Desktop\DESKTOP\Mikroiþlemciler Bütünleme Hazýrlýk\Proje_Dosyalari\UART\Çalýþmalar\4.X\asmFile.asm
               KESME_AYAR   0x000030    program     static C:\Users\azuwin\Desktop\DESKTOP\Mikroiþlemciler Bütünleme Hazýrlýk\Proje_Dosyalari\UART\Çalýþmalar\4.X\asmFile.asm
                   SONDUR   0x000015    program     static C:\Users\azuwin\Desktop\DESKTOP\Mikroiþlemciler Bütünleme Hazýrlýk\Proje_Dosyalari\UART\Çalýþmalar\4.X\asmFile.asm
             _.org_1_0038   0x000038    program     static C:\Users\azuwin\Desktop\DESKTOP\Mikroiþlemciler Bütünleme Hazýrlýk\Proje_Dosyalari\UART\Çalýþmalar\4.X\asmFile.asm



                              Symbols - Sorted by Address
                     Name    Address   Location    Storage File                     
                ---------  ---------  ---------  --------- ---------                
                    KESME   0x000005    program     static C:\Users\azuwin\Desktop\DESKTOP\Mikroiþlemciler Bütünleme Hazýrlýk\Proje_Dosyalari\UART\Çalýþmalar\4.X\asmFile.asm
                   SONDUR   0x000015    program     static C:\Users\azuwin\Desktop\DESKTOP\Mikroiþlemciler Bütünleme Hazýrlýk\Proje_Dosyalari\UART\Çalýþmalar\4.X\asmFile.asm
                     AYAR   0x000020    program     static C:\Users\azuwin\Desktop\DESKTOP\Mikroiþlemciler Bütünleme Hazýrlýk\Proje_Dosyalari\UART\Çalýþmalar\4.X\asmFile.asm
               KESME_AYAR   0x000030    program     static C:\Users\azuwin\Desktop\DESKTOP\Mikroiþlemciler Bütünleme Hazýrlýk\Proje_Dosyalari\UART\Çalýþmalar\4.X\asmFile.asm
                   GONDER   0x000037    program     static C:\Users\azuwin\Desktop\DESKTOP\Mikroiþlemciler Bütünleme Hazýrlýk\Proje_Dosyalari\UART\Çalýþmalar\4.X\asmFile.asm
             _.org_1_0038   0x000038    program     static C:\Users\azuwin\Desktop\DESKTOP\Mikroiþlemciler Bütünleme Hazýrlýk\Proje_Dosyalari\UART\Çalýþmalar\4.X\asmFile.asm
                    BASLA   0x00003e    program     static C:\Users\azuwin\Desktop\DESKTOP\Mikroiþlemciler Bütünleme Hazýrlýk\Proje_Dosyalari\UART\Çalýþmalar\4.X\asmFile.asm
                       GG   0x000040    program     static C:\Users\azuwin\Desktop\DESKTOP\Mikroiþlemciler Bütünleme Hazýrlýk\Proje_Dosyalari\UART\Çalýþmalar\4.X\asmFile.asm


