MPLINK 5.08, LINKER
Linker Map File - Created Sat Feb 19 10:59:37 2022

                                 Section Info
                  Section       Type    Address   Location Size(Bytes)
                ---------  ---------  ---------  ---------  ---------
                   .org_0       code   0x000000    program   0x000100
                   .cinit    romdata   0x000080    program   0x000004



                              Program Memory Usage 
                               Start         End      
                           ---------   ---------      
                            0x000000    0x000081      
            130 out of 8454 program addresses used, program memory utilization is 1%



                              Symbols - Sorted by Name
                     Name    Address   Location    Storage File                     
                ---------  ---------  ---------  --------- ---------                
                       AR   0x00001d    program     static C:\Users\azuwin\Desktop\DESKTOP\Mikroiþlemciler Bütünleme Hazýrlýk\Proje_Dosyalari\LCD\Çalýþmalar\6.X\asmFile.asm
             ASCII_LOOKUP   0x000061    program     static C:\Users\azuwin\Desktop\DESKTOP\Mikroiþlemciler Bütünleme Hazýrlýk\Proje_Dosyalari\LCD\Çalýþmalar\6.X\asmFile.asm
                     ATLA   0x000037    program     static C:\Users\azuwin\Desktop\DESKTOP\Mikroiþlemciler Bütünleme Hazýrlýk\Proje_Dosyalari\LCD\Çalýþmalar\6.X\asmFile.asm
                    BASLA   0x00006c    program     static C:\Users\azuwin\Desktop\DESKTOP\Mikroiþlemciler Bütünleme Hazýrlýk\Proje_Dosyalari\LCD\Çalýþmalar\6.X\asmFile.asm
                    CEVIR   0x000032    program     static C:\Users\azuwin\Desktop\DESKTOP\Mikroiþlemciler Bütünleme Hazýrlýk\Proje_Dosyalari\LCD\Çalýþmalar\6.X\asmFile.asm
                  CEVIR_1   0x000045    program     static C:\Users\azuwin\Desktop\DESKTOP\Mikroiþlemciler Bütünleme Hazýrlýk\Proje_Dosyalari\LCD\Çalýþmalar\6.X\asmFile.asm
                  CEVIR_2   0x000039    program     static C:\Users\azuwin\Desktop\DESKTOP\Mikroiþlemciler Bütünleme Hazýrlýk\Proje_Dosyalari\LCD\Çalýþmalar\6.X\asmFile.asm
           GECIKME_200USN   0x00001b    program     static C:\Users\azuwin\Desktop\DESKTOP\Mikroiþlemciler Bütünleme Hazýrlýk\Proje_Dosyalari\LCD\Çalýþmalar\6.X\asmFile.asm
                       GG   0x00007f    program     static C:\Users\azuwin\Desktop\DESKTOP\Mikroiþlemciler Bütünleme Hazýrlýk\Proje_Dosyalari\LCD\Çalýþmalar\6.X\asmFile.asm
                   GONDER   0x000020    program     static C:\Users\azuwin\Desktop\DESKTOP\Mikroiþlemciler Bütünleme Hazýrlýk\Proje_Dosyalari\LCD\Çalýþmalar\6.X\asmFile.asm
                 LCD_AYAR   0x000001    program     static C:\Users\azuwin\Desktop\DESKTOP\Mikroiþlemciler Bütünleme Hazýrlýk\Proje_Dosyalari\LCD\Çalýþmalar\6.X\asmFile.asm
                       T2   0x00003b    program     static C:\Users\azuwin\Desktop\DESKTOP\Mikroiþlemciler Bütünleme Hazýrlýk\Proje_Dosyalari\LCD\Çalýþmalar\6.X\asmFile.asm
                TETIKLEME   0x000015    program     static C:\Users\azuwin\Desktop\DESKTOP\Mikroiþlemciler Bütünleme Hazýrlýk\Proje_Dosyalari\LCD\Çalýþmalar\6.X\asmFile.asm



                              Symbols - Sorted by Address
                     Name    Address   Location    Storage File                     
                ---------  ---------  ---------  --------- ---------                
                 LCD_AYAR   0x000001    program     static C:\Users\azuwin\Desktop\DESKTOP\Mikroiþlemciler Bütünleme Hazýrlýk\Proje_Dosyalari\LCD\Çalýþmalar\6.X\asmFile.asm
                TETIKLEME   0x000015    program     static C:\Users\azuwin\Desktop\DESKTOP\Mikroiþlemciler Bütünleme Hazýrlýk\Proje_Dosyalari\LCD\Çalýþmalar\6.X\asmFile.asm
           GECIKME_200USN   0x00001b    program     static C:\Users\azuwin\Desktop\DESKTOP\Mikroiþlemciler Bütünleme Hazýrlýk\Proje_Dosyalari\LCD\Çalýþmalar\6.X\asmFile.asm
                       AR   0x00001d    program     static C:\Users\azuwin\Desktop\DESKTOP\Mikroiþlemciler Bütünleme Hazýrlýk\Proje_Dosyalari\LCD\Çalýþmalar\6.X\asmFile.asm
                   GONDER   0x000020    program     static C:\Users\azuwin\Desktop\DESKTOP\Mikroiþlemciler Bütünleme Hazýrlýk\Proje_Dosyalari\LCD\Çalýþmalar\6.X\asmFile.asm
                    CEVIR   0x000032    program     static C:\Users\azuwin\Desktop\DESKTOP\Mikroiþlemciler Bütünleme Hazýrlýk\Proje_Dosyalari\LCD\Çalýþmalar\6.X\asmFile.asm
                     ATLA   0x000037    program     static C:\Users\azuwin\Desktop\DESKTOP\Mikroiþlemciler Bütünleme Hazýrlýk\Proje_Dosyalari\LCD\Çalýþmalar\6.X\asmFile.asm
                  CEVIR_2   0x000039    program     static C:\Users\azuwin\Desktop\DESKTOP\Mikroiþlemciler Bütünleme Hazýrlýk\Proje_Dosyalari\LCD\Çalýþmalar\6.X\asmFile.asm
                       T2   0x00003b    program     static C:\Users\azuwin\Desktop\DESKTOP\Mikroiþlemciler Bütünleme Hazýrlýk\Proje_Dosyalari\LCD\Çalýþmalar\6.X\asmFile.asm
                  CEVIR_1   0x000045    program     static C:\Users\azuwin\Desktop\DESKTOP\Mikroiþlemciler Bütünleme Hazýrlýk\Proje_Dosyalari\LCD\Çalýþmalar\6.X\asmFile.asm
             ASCII_LOOKUP   0x000061    program     static C:\Users\azuwin\Desktop\DESKTOP\Mikroiþlemciler Bütünleme Hazýrlýk\Proje_Dosyalari\LCD\Çalýþmalar\6.X\asmFile.asm
                    BASLA   0x00006c    program     static C:\Users\azuwin\Desktop\DESKTOP\Mikroiþlemciler Bütünleme Hazýrlýk\Proje_Dosyalari\LCD\Çalýþmalar\6.X\asmFile.asm
                       GG   0x00007f    program     static C:\Users\azuwin\Desktop\DESKTOP\Mikroiþlemciler Bütünleme Hazýrlýk\Proje_Dosyalari\LCD\Çalýþmalar\6.X\asmFile.asm


