MPLINK 5.08, LINKER
Linker Map File - Created Sun Feb 13 14:09:06 2022

                                 Section Info
                  Section       Type    Address   Location Size(Bytes)
                ---------  ---------  ---------  ---------  ---------
                   .org_0       code   0x000000    program   0x000002
                   .cinit    romdata   0x000001    program   0x000004
                   .org_1       code   0x000004    program   0x000042



                              Program Memory Usage 
                               Start         End      
                           ---------   ---------      
                            0x000000    0x000002      
                            0x000004    0x000024      
            36 out of 8454 program addresses used, program memory utilization is 0%



                              Symbols - Sorted by Name
                     Name    Address   Location    Storage File                     
                ---------  ---------  ---------  --------- ---------                
                    KESME   0x000005    program     static C:\Users\azuwin\Desktop\Mikroislemciler\Proje_Dosyalari\Ornek41.X\asmFie.asm
                     MAIN   0x000024    program     static C:\Users\azuwin\Desktop\Mikroislemciler\Proje_Dosyalari\Ornek41.X\asmFie.asm
                    SETUP   0x00000e    program     static C:\Users\azuwin\Desktop\Mikroislemciler\Proje_Dosyalari\Ornek41.X\asmFie.asm



                              Symbols - Sorted by Address
                     Name    Address   Location    Storage File                     
                ---------  ---------  ---------  --------- ---------                
                    KESME   0x000005    program     static C:\Users\azuwin\Desktop\Mikroislemciler\Proje_Dosyalari\Ornek41.X\asmFie.asm
                    SETUP   0x00000e    program     static C:\Users\azuwin\Desktop\Mikroislemciler\Proje_Dosyalari\Ornek41.X\asmFie.asm
                     MAIN   0x000024    program     static C:\Users\azuwin\Desktop\Mikroislemciler\Proje_Dosyalari\Ornek41.X\asmFie.asm


