MPLINK 5.08, LINKER
Linker Map File - Created Sun Feb 13 12:40:33 2022

                                 Section Info
                  Section       Type    Address   Location Size(Bytes)
                ---------  ---------  ---------  ---------  ---------
                   .org_0       code   0x000000    program   0x000050
                   .cinit    romdata   0x000028    program   0x000004



                              Program Memory Usage 
                               Start         End      
                           ---------   ---------      
                            0x000000    0x000029      
            42 out of 8454 program addresses used, program memory utilization is 0%



                              Symbols - Sorted by Name
                     Name    Address   Location    Storage File                     
                ---------  ---------  ---------  --------- ---------                
                       AA   0x000021    program     static C:\Users\azuwin\Desktop\Mikroislemciler\Proje_Dosyalari\Ornek28.X\asmFile.asm
                  GECIKME   0x00001b    program     static C:\Users\azuwin\Desktop\Mikroislemciler\Proje_Dosyalari\Ornek28.X\asmFile.asm
            LOOK_UP_TABLE   0x000010    program     static C:\Users\azuwin\Desktop\Mikroislemciler\Proje_Dosyalari\Ornek28.X\asmFile.asm
                     MAIN   0x00000a    program     static C:\Users\azuwin\Desktop\Mikroislemciler\Proje_Dosyalari\Ornek28.X\asmFile.asm
                    SETUP   0x000001    program     static C:\Users\azuwin\Desktop\Mikroislemciler\Proje_Dosyalari\Ornek28.X\asmFile.asm



                              Symbols - Sorted by Address
                     Name    Address   Location    Storage File                     
                ---------  ---------  ---------  --------- ---------                
                    SETUP   0x000001    program     static C:\Users\azuwin\Desktop\Mikroislemciler\Proje_Dosyalari\Ornek28.X\asmFile.asm
                     MAIN   0x00000a    program     static C:\Users\azuwin\Desktop\Mikroislemciler\Proje_Dosyalari\Ornek28.X\asmFile.asm
            LOOK_UP_TABLE   0x000010    program     static C:\Users\azuwin\Desktop\Mikroislemciler\Proje_Dosyalari\Ornek28.X\asmFile.asm
                  GECIKME   0x00001b    program     static C:\Users\azuwin\Desktop\Mikroislemciler\Proje_Dosyalari\Ornek28.X\asmFile.asm
                       AA   0x000021    program     static C:\Users\azuwin\Desktop\Mikroislemciler\Proje_Dosyalari\Ornek28.X\asmFile.asm


