MPLINK 5.08, LINKER
Linker Map File - Created Sun Feb 13 13:54:55 2022

                                 Section Info
                  Section       Type    Address   Location Size(Bytes)
                ---------  ---------  ---------  ---------  ---------
                   .org_0       code   0x000000    program   0x000002
                   .cinit    romdata   0x000001    program   0x000004
                   .org_1       code   0x000004    program   0x0000b0



                              Program Memory Usage 
                               Start         End      
                           ---------   ---------      
                            0x000000    0x000002      
                            0x000004    0x00005b      
            91 out of 8454 program addresses used, program memory utilization is 1%



                              Symbols - Sorted by Name
                     Name    Address   Location    Storage File                     
                ---------  ---------  ---------  --------- ---------                
                       AA   0x000054    program     static C:\Users\azuwin\Desktop\Mikroislemciler\Proje_Dosyalari\Ornek39.X\asmFile.asm
                   ARTTIR   0x00000f    program     static C:\Users\azuwin\Desktop\Mikroislemciler\Proje_Dosyalari\Ornek39.X\asmFile.asm
        DISPLAY_GORUNTULE   0x000018    program     static C:\Users\azuwin\Desktop\Mikroislemciler\Proje_Dosyalari\Ornek39.X\asmFile.asm
                  GECIKME   0x00004e    program     static C:\Users\azuwin\Desktop\Mikroislemciler\Proje_Dosyalari\Ornek39.X\asmFile.asm
                    KESME   0x000005    program     static C:\Users\azuwin\Desktop\Mikroislemciler\Proje_Dosyalari\Ornek39.X\asmFile.asm
            LOOK_UP_TABLE   0x000043    program     static C:\Users\azuwin\Desktop\Mikroislemciler\Proje_Dosyalari\Ornek39.X\asmFile.asm
                     MAIN   0x00005b    program     static C:\Users\azuwin\Desktop\Mikroislemciler\Proje_Dosyalari\Ornek39.X\asmFile.asm
                    SETUP   0x000029    program     static C:\Users\azuwin\Desktop\Mikroislemciler\Proje_Dosyalari\Ornek39.X\asmFile.asm
               SOL_ARTTIR   0x000015    program     static C:\Users\azuwin\Desktop\Mikroislemciler\Proje_Dosyalari\Ornek39.X\asmFile.asm



                              Symbols - Sorted by Address
                     Name    Address   Location    Storage File                     
                ---------  ---------  ---------  --------- ---------                
                    KESME   0x000005    program     static C:\Users\azuwin\Desktop\Mikroislemciler\Proje_Dosyalari\Ornek39.X\asmFile.asm
                   ARTTIR   0x00000f    program     static C:\Users\azuwin\Desktop\Mikroislemciler\Proje_Dosyalari\Ornek39.X\asmFile.asm
               SOL_ARTTIR   0x000015    program     static C:\Users\azuwin\Desktop\Mikroislemciler\Proje_Dosyalari\Ornek39.X\asmFile.asm
        DISPLAY_GORUNTULE   0x000018    program     static C:\Users\azuwin\Desktop\Mikroislemciler\Proje_Dosyalari\Ornek39.X\asmFile.asm
                    SETUP   0x000029    program     static C:\Users\azuwin\Desktop\Mikroislemciler\Proje_Dosyalari\Ornek39.X\asmFile.asm
            LOOK_UP_TABLE   0x000043    program     static C:\Users\azuwin\Desktop\Mikroislemciler\Proje_Dosyalari\Ornek39.X\asmFile.asm
                  GECIKME   0x00004e    program     static C:\Users\azuwin\Desktop\Mikroislemciler\Proje_Dosyalari\Ornek39.X\asmFile.asm
                       AA   0x000054    program     static C:\Users\azuwin\Desktop\Mikroislemciler\Proje_Dosyalari\Ornek39.X\asmFile.asm
                     MAIN   0x00005b    program     static C:\Users\azuwin\Desktop\Mikroislemciler\Proje_Dosyalari\Ornek39.X\asmFile.asm


