MPLINK 5.08, LINKER
Linker Map File - Created Sun Feb 20 07:35:52 2022

                                 Section Info
                  Section       Type    Address   Location Size(Bytes)
                ---------  ---------  ---------  ---------  ---------
                   .org_0       code   0x000000    program   0x00001a
                   .cinit    romdata   0x00000d    program   0x000004



                              Program Memory Usage 
                               Start         End      
                           ---------   ---------      
                            0x000000    0x00000e      
            15 out of 8454 program addresses used, program memory utilization is 0%



                              Symbols - Sorted by Name
                     Name    Address   Location    Storage File                     
                ---------  ---------  ---------  --------- ---------                
             ASCII_LOOKUP   0x00000b    program     static C:\Users\azuwin\Desktop\DESKTOP\Mikroiþlemciler Bütünleme Hazýrlýk\Proje_Dosyalari\Sinav_Oncesi\LED_DISPLAY.X\asmFile.asm
                     MAIN   0x000008    program     static C:\Users\azuwin\Desktop\DESKTOP\Mikroiþlemciler Bütünleme Hazýrlýk\Proje_Dosyalari\Sinav_Oncesi\LED_DISPLAY.X\asmFile.asm
                    SETUP   0x000001    program     static C:\Users\azuwin\Desktop\DESKTOP\Mikroiþlemciler Bütünleme Hazýrlýk\Proje_Dosyalari\Sinav_Oncesi\LED_DISPLAY.X\asmFile.asm



                              Symbols - Sorted by Address
                     Name    Address   Location    Storage File                     
                ---------  ---------  ---------  --------- ---------                
                    SETUP   0x000001    program     static C:\Users\azuwin\Desktop\DESKTOP\Mikroiþlemciler Bütünleme Hazýrlýk\Proje_Dosyalari\Sinav_Oncesi\LED_DISPLAY.X\asmFile.asm
                     MAIN   0x000008    program     static C:\Users\azuwin\Desktop\DESKTOP\Mikroiþlemciler Bütünleme Hazýrlýk\Proje_Dosyalari\Sinav_Oncesi\LED_DISPLAY.X\asmFile.asm
             ASCII_LOOKUP   0x00000b    program     static C:\Users\azuwin\Desktop\DESKTOP\Mikroiþlemciler Bütünleme Hazýrlýk\Proje_Dosyalari\Sinav_Oncesi\LED_DISPLAY.X\asmFile.asm


