MPLINK 5.08, LINKER
Linker Map File - Created Sun Feb 13 09:36:56 2022

                                 Section Info
                  Section       Type    Address   Location Size(Bytes)
                ---------  ---------  ---------  ---------  ---------
                   .org_0       code   0x000000    program   0x000026
                   .cinit    romdata   0x000013    program   0x000004



                              Program Memory Usage 
                               Start         End      
                           ---------   ---------      
                            0x000000    0x000014      
            21 out of 8454 program addresses used, program memory utilization is 0%



                              Symbols - Sorted by Name
                     Name    Address   Location    Storage File                     
                ---------  ---------  ---------  --------- ---------                
                       GG   0x000011    program     static C:\Users\azuwin\Desktop\Mikroislemciler\Proje_Dosyalari\Ornek1.X\asmFile.asm
                     MAIN   0x00000d    program     static C:\Users\azuwin\Desktop\Mikroislemciler\Proje_Dosyalari\Ornek1.X\asmFile.asm
                    SETUP   0x000001    program     static C:\Users\azuwin\Desktop\Mikroislemciler\Proje_Dosyalari\Ornek1.X\asmFile.asm
                       XX   0x00000d    program     static C:\Users\azuwin\Desktop\Mikroislemciler\Proje_Dosyalari\Ornek1.X\asmFile.asm



                              Symbols - Sorted by Address
                     Name    Address   Location    Storage File                     
                ---------  ---------  ---------  --------- ---------                
                    SETUP   0x000001    program     static C:\Users\azuwin\Desktop\Mikroislemciler\Proje_Dosyalari\Ornek1.X\asmFile.asm
                     MAIN   0x00000d    program     static C:\Users\azuwin\Desktop\Mikroislemciler\Proje_Dosyalari\Ornek1.X\asmFile.asm
                       XX   0x00000d    program     static C:\Users\azuwin\Desktop\Mikroislemciler\Proje_Dosyalari\Ornek1.X\asmFile.asm
                       GG   0x000011    program     static C:\Users\azuwin\Desktop\Mikroislemciler\Proje_Dosyalari\Ornek1.X\asmFile.asm


